2026-06-20 15:33:21.722 DEBUG [background-preinit] [] org.jboss.logging - Logging Provider: org.jboss.logging.Slf4jLoggerProvider found via system property
2026-06-20 15:33:21.724 INFO  [background-preinit] [] org.hibernate.validator.internal.util.Version - HV000001: Hibernate Validator 8.0.1.Final
2026-06-20 15:33:21.774 INFO  [restartedMain] [] com.astarel.school.SchoolApplication - Starting SchoolApplication using Java 21.0.4 with PID 16552 (D:\Thuya Oo\Training\Astarel\school-management\target\classes started by ThuYa in D:\Thuya Oo\Training\Astarel\school-management)
2026-06-20 15:33:21.774 DEBUG [restartedMain] [] com.astarel.school.SchoolApplication - Running with Spring Boot v3.2.2, Spring v6.1.3
2026-06-20 15:33:21.775 INFO  [restartedMain] [] com.astarel.school.SchoolApplication - The following 1 profile is active: "local"
2026-06-20 15:33:21.822 INFO  [restartedMain] [] o.s.b.d.env.DevToolsPropertyDefaultsPostProcessor - Devtools property defaults active! Set 'spring.devtools.add-properties' to 'false' to disable
2026-06-20 15:33:21.822 INFO  [restartedMain] [] o.s.b.d.env.DevToolsPropertyDefaultsPostProcessor - For additional web related logging consider setting the 'logging.level.web' property to 'DEBUG'
2026-06-20 15:33:22.715 INFO  [restartedMain] [] o.s.d.r.config.RepositoryConfigurationDelegate - Bootstrapping Spring Data JPA repositories in DEFAULT mode.
2026-06-20 15:33:22.795 INFO  [restartedMain] [] o.s.d.r.config.RepositoryConfigurationDelegate - Finished Spring Data repository scanning in 72 ms. Found 5 JPA repository interfaces.
2026-06-20 15:33:23.858 INFO  [restartedMain] [] o.s.boot.web.embedded.tomcat.TomcatWebServer - Tomcat initialized with port 8080 (http)
2026-06-20 15:33:23.867 INFO  [restartedMain] [] org.apache.coyote.http11.Http11NioProtocol - Initializing ProtocolHandler ["http-nio-8080"]
2026-06-20 15:33:23.869 INFO  [restartedMain] [] org.apache.catalina.core.StandardService - Starting service [Tomcat]
2026-06-20 15:33:23.869 INFO  [restartedMain] [] org.apache.catalina.core.StandardEngine - Starting Servlet engine: [Apache Tomcat/10.1.18]
2026-06-20 15:33:23.927 INFO  [restartedMain] [] o.a.c.core.ContainerBase.[Tomcat].[localhost].[/] - Initializing Spring embedded WebApplicationContext
2026-06-20 15:33:23.928 INFO  [restartedMain] [] o.s.b.w.s.c.ServletWebServerApplicationContext - Root WebApplicationContext: initialization completed in 2105 ms
2026-06-20 15:33:24.222 DEBUG [restartedMain] [] com.zaxxer.hikari.HikariConfig - Driver class com.mysql.cj.jdbc.Driver found in Thread context class loader TomcatEmbeddedWebappClassLoader
  context: ROOT
  delegate: true
----------> Parent Classloader:
org.springframework.boot.devtools.restart.classloader.RestartClassLoader@4ebdc17d

2026-06-20 15:33:24.314 INFO  [restartedMain] [] org.hibernate.jpa.internal.util.LogHelper - HHH000204: Processing PersistenceUnitInfo [name: default]
2026-06-20 15:33:24.353 INFO  [restartedMain] [] org.hibernate.Version - HHH000412: Hibernate ORM core version 6.4.1.Final
2026-06-20 15:33:24.377 DEBUG [restartedMain] [] o.hibernate.cache.internal.RegionFactoryInitiator - Cannot default RegionFactory based on registered strategies as `[]` RegionFactory strategies were registered
2026-06-20 15:33:24.378 INFO  [restartedMain] [] o.hibernate.cache.internal.RegionFactoryInitiator - HHH000026: Second-level cache disabled
2026-06-20 15:33:24.644 INFO  [restartedMain] [] o.s.o.j.persistenceunit.SpringPersistenceUnitInfo - No LoadTimeWeaver setup: ignoring JPA class transformer
2026-06-20 15:33:24.663 DEBUG [restartedMain] [] com.zaxxer.hikari.HikariConfig - SchoolManagementHikariPool - configuration:
2026-06-20 15:33:24.667 DEBUG [restartedMain] [] com.zaxxer.hikari.HikariConfig - allowPoolSuspension.............false
2026-06-20 15:33:24.667 DEBUG [restartedMain] [] com.zaxxer.hikari.HikariConfig - autoCommit......................true
2026-06-20 15:33:24.668 DEBUG [restartedMain] [] com.zaxxer.hikari.HikariConfig - catalog.........................none
2026-06-20 15:33:24.668 DEBUG [restartedMain] [] com.zaxxer.hikari.HikariConfig - connectionInitSql...............none
2026-06-20 15:33:24.668 DEBUG [restartedMain] [] com.zaxxer.hikari.HikariConfig - connectionTestQuery............."SELECT 1"
2026-06-20 15:33:24.669 DEBUG [restartedMain] [] com.zaxxer.hikari.HikariConfig - connectionTimeout...............30000
2026-06-20 15:33:24.669 DEBUG [restartedMain] [] com.zaxxer.hikari.HikariConfig - dataSource......................none
2026-06-20 15:33:24.669 DEBUG [restartedMain] [] com.zaxxer.hikari.HikariConfig - dataSourceClassName.............none
2026-06-20 15:33:24.669 DEBUG [restartedMain] [] com.zaxxer.hikari.HikariConfig - dataSourceJNDI..................none
2026-06-20 15:33:24.670 DEBUG [restartedMain] [] com.zaxxer.hikari.HikariConfig - dataSourceProperties............{password=<masked>}
2026-06-20 15:33:24.670 DEBUG [restartedMain] [] com.zaxxer.hikari.HikariConfig - driverClassName................."com.mysql.cj.jdbc.Driver"
2026-06-20 15:33:24.670 DEBUG [restartedMain] [] com.zaxxer.hikari.HikariConfig - exceptionOverrideClassName......none
2026-06-20 15:33:24.670 DEBUG [restartedMain] [] com.zaxxer.hikari.HikariConfig - healthCheckProperties...........{}
2026-06-20 15:33:24.670 DEBUG [restartedMain] [] com.zaxxer.hikari.HikariConfig - healthCheckRegistry.............none
2026-06-20 15:33:24.670 DEBUG [restartedMain] [] com.zaxxer.hikari.HikariConfig - idleTimeout.....................600000
2026-06-20 15:33:24.670 DEBUG [restartedMain] [] com.zaxxer.hikari.HikariConfig - initializationFailTimeout.......1
2026-06-20 15:33:24.672 DEBUG [restartedMain] [] com.zaxxer.hikari.HikariConfig - isolateInternalQueries..........false
2026-06-20 15:33:24.672 DEBUG [restartedMain] [] com.zaxxer.hikari.HikariConfig - jdbcUrl.........................jdbc:mysql://localhost:3306/schoolmanagement
2026-06-20 15:33:24.672 DEBUG [restartedMain] [] com.zaxxer.hikari.HikariConfig - keepaliveTime...................0
2026-06-20 15:33:24.672 DEBUG [restartedMain] [] com.zaxxer.hikari.HikariConfig - leakDetectionThreshold..........0
2026-06-20 15:33:24.672 DEBUG [restartedMain] [] com.zaxxer.hikari.HikariConfig - maxLifetime.....................1800000
2026-06-20 15:33:24.673 DEBUG [restartedMain] [] com.zaxxer.hikari.HikariConfig - maximumPoolSize.................10
2026-06-20 15:33:24.673 DEBUG [restartedMain] [] com.zaxxer.hikari.HikariConfig - metricRegistry..................none
2026-06-20 15:33:24.673 DEBUG [restartedMain] [] com.zaxxer.hikari.HikariConfig - metricsTrackerFactory...........none
2026-06-20 15:33:24.673 DEBUG [restartedMain] [] com.zaxxer.hikari.HikariConfig - minimumIdle.....................5
2026-06-20 15:33:24.673 DEBUG [restartedMain] [] com.zaxxer.hikari.HikariConfig - password........................<masked>
2026-06-20 15:33:24.673 DEBUG [restartedMain] [] com.zaxxer.hikari.HikariConfig - poolName........................"SchoolManagementHikariPool"
2026-06-20 15:33:24.674 DEBUG [restartedMain] [] com.zaxxer.hikari.HikariConfig - readOnly........................false
2026-06-20 15:33:24.674 DEBUG [restartedMain] [] com.zaxxer.hikari.HikariConfig - registerMbeans..................false
2026-06-20 15:33:24.674 DEBUG [restartedMain] [] com.zaxxer.hikari.HikariConfig - scheduledExecutor...............none
2026-06-20 15:33:24.674 DEBUG [restartedMain] [] com.zaxxer.hikari.HikariConfig - schema..........................none
2026-06-20 15:33:24.674 DEBUG [restartedMain] [] com.zaxxer.hikari.HikariConfig - threadFactory...................internal
2026-06-20 15:33:24.674 DEBUG [restartedMain] [] com.zaxxer.hikari.HikariConfig - transactionIsolation............default
2026-06-20 15:33:24.675 DEBUG [restartedMain] [] com.zaxxer.hikari.HikariConfig - username........................"root"
2026-06-20 15:33:24.675 DEBUG [restartedMain] [] com.zaxxer.hikari.HikariConfig - validationTimeout...............5000
2026-06-20 15:33:24.675 INFO  [restartedMain] [] com.zaxxer.hikari.HikariDataSource - SchoolManagementHikariPool - Starting...
2026-06-20 15:33:25.142 INFO  [restartedMain] [] com.zaxxer.hikari.pool.HikariPool - SchoolManagementHikariPool - Added connection com.mysql.cj.jdbc.ConnectionImpl@7341e851
2026-06-20 15:33:25.143 INFO  [restartedMain] [] com.zaxxer.hikari.HikariDataSource - SchoolManagementHikariPool - Start completed.
2026-06-20 15:33:25.210 WARN  [restartedMain] [] org.hibernate.orm.deprecation - HHH90000025: MySQL8Dialect does not need to be specified explicitly using 'hibernate.dialect' (remove the property setting and it will be selected by default)
2026-06-20 15:33:25.211 WARN  [restartedMain] [] org.hibernate.orm.deprecation - HHH90000026: MySQL8Dialect has been deprecated; use org.hibernate.dialect.MySQLDialect instead
2026-06-20 15:33:25.258 DEBUG [SchoolManagementHikariPool housekeeper] [] com.zaxxer.hikari.pool.HikariPool - SchoolManagementHikariPool - Before cleanup stats (total=1, active=0, idle=1, waiting=0)
2026-06-20 15:33:25.259 DEBUG [SchoolManagementHikariPool housekeeper] [] com.zaxxer.hikari.pool.HikariPool - SchoolManagementHikariPool - After cleanup  stats (total=1, active=0, idle=1, waiting=0)
2026-06-20 15:33:25.281 DEBUG [SchoolManagementHikariPool connection adder] [] com.zaxxer.hikari.pool.HikariPool - SchoolManagementHikariPool - Added connection com.mysql.cj.jdbc.ConnectionImpl@1af4ce1
2026-06-20 15:33:25.319 DEBUG [SchoolManagementHikariPool connection adder] [] com.zaxxer.hikari.pool.HikariPool - SchoolManagementHikariPool - Added connection com.mysql.cj.jdbc.ConnectionImpl@a2b7ef7
2026-06-20 15:33:25.356 DEBUG [SchoolManagementHikariPool connection adder] [] com.zaxxer.hikari.pool.HikariPool - SchoolManagementHikariPool - Added connection com.mysql.cj.jdbc.ConnectionImpl@72cb8580
2026-06-20 15:33:25.381 DEBUG [SchoolManagementHikariPool connection adder] [] com.zaxxer.hikari.pool.HikariPool - SchoolManagementHikariPool - Added connection com.mysql.cj.jdbc.ConnectionImpl@71b0b7b3
2026-06-20 15:33:25.399 DEBUG [SchoolManagementHikariPool connection adder] [] com.zaxxer.hikari.pool.HikariPool - SchoolManagementHikariPool - After adding stats (total=5, active=0, idle=5, waiting=0)
2026-06-20 15:33:26.046 INFO  [restartedMain] [] o.h.e.t.jta.platform.internal.JtaPlatformInitiator - HHH000489: No JTA platform available (set 'hibernate.transaction.jta.platform' to enable JTA platform integration)
2026-06-20 15:33:26.143 INFO  [restartedMain] [] o.s.orm.jpa.LocalContainerEntityManagerFactoryBean - Initialized JPA EntityManagerFactory for persistence unit 'default'
2026-06-20 15:33:26.230 DEBUG [restartedMain] [] org.hibernate.stat.internal.StatisticsInitiator - Statistics initialized [enabled=false]
2026-06-20 15:33:26.421 DEBUG [restartedMain] [] com.astarel.school.auth.JwtAuthenticationFilter - Filter 'jwtAuthenticationFilter' configured for use
2026-06-20 15:33:26.532 INFO  [restartedMain] [] o.s.data.jpa.repository.query.QueryEnhancerFactory - Hibernate is in classpath; If applicable, HQL parser will be used.
2026-06-20 15:33:26.939 WARN  [restartedMain] [] o.s.b.a.o.j.JpaBaseConfiguration$JpaWebConfiguration - spring.jpa.open-in-view is enabled by default. Therefore, database queries may be performed during view rendering. Explicitly configure spring.jpa.open-in-view to disable this warning
2026-06-20 15:33:27.057 INFO  [restartedMain] [] o.s.b.a.web.servlet.WelcomePageHandlerMapping - Adding welcome page: class path resource [static/index.html]
2026-06-20 15:33:27.097 DEBUG [restartedMain] [] _.s.web.servlet.HandlerMapping.Mappings - 
	c.a.s.c.AuthController:
	{GET [/api/csrf-token]}: csrf(CsrfToken)
	{POST [/api/auth/login]}: logIn(AuthRequest)
2026-06-20 15:33:27.102 DEBUG [restartedMain] [] _.s.web.servlet.HandlerMapping.Mappings - 
	c.a.s.c.ClassRoomController:
	{DELETE [/api/class-rooms/{roomId}]}: deleteClassRoom(Long)
	{GET [/api/class-rooms]}: getAllClassRooms()
	{PUT [/api/class-rooms/{roomId}]}: updateClassRoom(Long,ClassRoomDto,BindingResult)
	{GET [/api/class-rooms/{classId}]}: getClassRoomById(Long)
	{POST [/api/class-rooms]}: saveClassRoom(ClassRoomDto,BindingResult)
2026-06-20 15:33:27.105 DEBUG [restartedMain] [] _.s.web.servlet.HandlerMapping.Mappings - 
	c.a.s.c.ReportController:
	{GET [/api/report/generate-report]}: generateReport()
2026-06-20 15:33:27.106 DEBUG [restartedMain] [] _.s.web.servlet.HandlerMapping.Mappings - 
	c.a.s.c.StudentController:
	{GET [/api/students/{studentId}]}: getStudentById(Long)
	{DELETE [/api/students/{studentId}]}: deleteStudent(Long)
	{POST [/api/students]}: saveStudent(StudentDto,BindingResult)
	{GET [/api/students]}: getAllStudents()
	{PUT [/api/students/{studentId}]}: updateStudent(Long,StudentDto,BindingResult)
	{GET [/api/students/not-joined]}: getNotJoinedStudents()
	{GET [/api/students/unregister]}: getNotEnrolledStudents()
2026-06-20 15:33:27.108 DEBUG [restartedMain] [] _.s.web.servlet.HandlerMapping.Mappings - 
	c.a.s.c.SubjectController:
	{PUT [/api/subjects/{subjectId}]}: updateSubject(Long,SubjectDto,BindingResult)
	{POST [/api/subjects]}: saveSubject(SubjectDto,BindingResult)
	{GET [/api/subjects]}: getAllSubjects()
	{GET [/api/subjects/{subjectId}]}: getSubjectById(Long)
	{DELETE [/api/subjects/{subjectId}]}: deleteSubject(Long)
	{GET [/api/subjects/not-taught]}: getAllSubjectNotToughByTeacher()
2026-06-20 15:33:27.109 DEBUG [restartedMain] [] _.s.web.servlet.HandlerMapping.Mappings - 
	c.a.s.c.TeacherController:
	{POST [/api/teachers]}: saveTeacher(TeacherDto,BindingResult)
	{GET [/api/teachers/{teacherId}]}: getTeacherById(Long)
	{PUT [/api/teachers/{teacherId}]}: updateTeacher(Long,TeacherDto,BindingResult)
	{DELETE [/api/teachers/{teacherId}]}: deleteTeacher(Long)
	{GET [/api/teachers]}: getAllTeachers()
2026-06-20 15:33:27.113 DEBUG [restartedMain] [] _.s.web.servlet.HandlerMapping.Mappings - 
	o.s.b.a.w.s.e.BasicErrorController:
	{ [/error]}: error(HttpServletRequest)
	{ [/error], produces [text/html]}: errorHtml(HttpServletRequest,HttpServletResponse)
2026-06-20 15:33:27.127 DEBUG [restartedMain] [] _.s.web.servlet.HandlerMapping.Mappings - 'beanNameHandlerMapping' {}
2026-06-20 15:33:27.183 DEBUG [restartedMain] [] _.s.web.servlet.HandlerMapping.Mappings - 'resourceHandlerMapping' {/webjars/**=ResourceHttpRequestHandler [classpath [META-INF/resources/webjars/]], /**=ResourceHttpRequestHandler [classpath [META-INF/resources/], classpath [resources/], classpath [static/], classpath [public/], ServletContext [/]]}
2026-06-20 15:33:27.334 INFO  [restartedMain] [] o.s.b.actuate.endpoint.web.EndpointLinksResolver - Exposing 3 endpoint(s) beneath base path '/actuator'
2026-06-20 15:33:27.404 INFO  [restartedMain] [] o.s.security.web.DefaultSecurityFilterChain - Will secure any request with [org.springframework.security.web.session.DisableEncodeUrlFilter@49080d45, org.springframework.security.web.context.request.async.WebAsyncManagerIntegrationFilter@73771865, org.springframework.security.web.context.SecurityContextHolderFilter@6a219025, org.springframework.security.web.header.HeaderWriterFilter@3492b83d, org.springframework.web.filter.CorsFilter@4dbfa07, org.springframework.security.web.csrf.CsrfFilter@45360935, org.springframework.security.web.authentication.logout.LogoutFilter@87ce647, com.astarel.school.auth.JwtAuthenticationFilter@63e9ce17, org.springframework.security.web.savedrequest.RequestCacheAwareFilter@335b5c4e, org.springframework.security.web.servletapi.SecurityContextHolderAwareRequestFilter@34bacacd, org.springframework.security.web.authentication.AnonymousAuthenticationFilter@38419dd4, org.springframework.security.web.access.ExceptionTranslationFilter@616f5087, org.springframework.security.web.access.intercept.AuthorizationFilter@1c77260f]
2026-06-20 15:33:27.631 DEBUG [restartedMain] [] i.m.c.util.internal.logging.InternalLoggerFactory - Using SLF4J as the default logging framework
2026-06-20 15:33:27.746 INFO  [restartedMain] [] o.s.b.d.autoconfigure.OptionalLiveReloadServer - LiveReload server is running on port 35729
2026-06-20 15:33:27.794 INFO  [restartedMain] [] org.apache.coyote.http11.Http11NioProtocol - Starting ProtocolHandler ["http-nio-8080"]
2026-06-20 15:33:27.811 INFO  [restartedMain] [] o.s.boot.web.embedded.tomcat.TomcatWebServer - Tomcat started on port 8080 (http) with context path ''
2026-06-20 15:33:27.821 INFO  [restartedMain] [] com.astarel.school.SchoolApplication - Started SchoolApplication in 6.531 seconds (process running for 7.335)
2026-06-20 15:33:28.500 INFO  [RMI TCP Connection(10)-127.0.0.1] [] o.a.c.core.ContainerBase.[Tomcat].[localhost].[/] - Initializing Spring DispatcherServlet 'dispatcherServlet'
2026-06-20 15:33:28.500 INFO  [RMI TCP Connection(10)-127.0.0.1] [] org.springframework.web.servlet.DispatcherServlet - Initializing Servlet 'dispatcherServlet'
2026-06-20 15:33:28.502 INFO  [RMI TCP Connection(10)-127.0.0.1] [] org.springframework.web.servlet.DispatcherServlet - Completed initialization in 2 ms
2026-06-20 15:33:34.867 INFO  [RMI TCP Connection(7)-127.0.0.1] [] o.s.b.a.SpringApplicationAdminMXBeanRegistrar$SpringApplicationAdmin - Application shutdown requested.
2026-06-20 15:33:34.870 INFO  [RMI TCP Connection(7)-127.0.0.1] [] org.apache.coyote.http11.Http11NioProtocol - Stopping ProtocolHandler ["http-nio-8080"]
2026-06-20 15:33:34.880 INFO  [RMI TCP Connection(7)-127.0.0.1] [] o.s.orm.jpa.LocalContainerEntityManagerFactoryBean - Closing JPA EntityManagerFactory for persistence unit 'default'
2026-06-20 15:33:34.882 INFO  [RMI TCP Connection(7)-127.0.0.1] [] com.zaxxer.hikari.HikariDataSource - SchoolManagementHikariPool - Shutdown initiated...
2026-06-20 15:33:34.883 DEBUG [RMI TCP Connection(7)-127.0.0.1] [] com.zaxxer.hikari.pool.HikariPool - SchoolManagementHikariPool - Before shutdown stats (total=5, active=0, idle=5, waiting=0)
2026-06-20 15:33:34.884 DEBUG [SchoolManagementHikariPool connection closer] [] com.zaxxer.hikari.pool.PoolBase - SchoolManagementHikariPool - Closing connection com.mysql.cj.jdbc.ConnectionImpl@7341e851: (connection evicted)
2026-06-20 15:33:34.886 DEBUG [SchoolManagementHikariPool connection closer] [] com.zaxxer.hikari.pool.PoolBase - SchoolManagementHikariPool - Closing connection com.mysql.cj.jdbc.ConnectionImpl@1af4ce1: (connection evicted)
2026-06-20 15:33:34.887 DEBUG [SchoolManagementHikariPool connection closer] [] com.zaxxer.hikari.pool.PoolBase - SchoolManagementHikariPool - Closing connection com.mysql.cj.jdbc.ConnectionImpl@a2b7ef7: (connection evicted)
2026-06-20 15:33:34.887 DEBUG [SchoolManagementHikariPool connection closer] [] com.zaxxer.hikari.pool.PoolBase - SchoolManagementHikariPool - Closing connection com.mysql.cj.jdbc.ConnectionImpl@72cb8580: (connection evicted)
2026-06-20 15:33:34.889 DEBUG [SchoolManagementHikariPool connection closer] [] com.zaxxer.hikari.pool.PoolBase - SchoolManagementHikariPool - Closing connection com.mysql.cj.jdbc.ConnectionImpl@71b0b7b3: (connection evicted)
2026-06-20 15:33:34.890 DEBUG [RMI TCP Connection(7)-127.0.0.1] [] com.zaxxer.hikari.pool.HikariPool - SchoolManagementHikariPool - After shutdown stats (total=0, active=0, idle=0, waiting=0)
2026-06-20 15:33:34.890 INFO  [RMI TCP Connection(7)-127.0.0.1] [] com.zaxxer.hikari.HikariDataSource - SchoolManagementHikariPool - Shutdown completed.
